Administrator-Linux-Lesson-4-ZFS

Подготовительная работа
root@ubuntu:~# lsblk
NAME                      MAJ:MIN RM  SIZE RO TYPE MOUNTPOINTS
sda                         8:0    0   25G  0 disk
├─sda1                      8:1    0    1M  0 part
├─sda2                      8:2    0    2G  0 part /boot
└─sda3                      8:3    0   23G  0 part
  └─ubuntu--vg-ubuntu--lv 252:0    0 11,5G  0 lvm  /
sdb                         8:16   0  512M  0 disk
sdc                         8:32   0  512M  0 disk
sdd                         8:48   0  512M  0 disk
sde                         8:64   0  512M  0 disk
sdf                         8:80   0  512M  0 disk
sdg                         8:96   0  512M  0 disk
sdh                         8:112  0  512M  0 disk
sdi                         8:128  0  512M  0 disk
sr0                        11:0    1 1024M  0 rom

Создание пулов
root@ubuntu:~# zpool create otus1 mirror /dev/sdb /dev/sdc
root@ubuntu:~# zpool create otus2 mirror /dev/sdd /dev/sde
root@ubuntu:~# zpool create otus3 mirror /dev/sdf /dev/sdg
root@ubuntu:~# zpool create otus4 mirror /dev/sdh /dev/sdi
root@ubuntu:~#
root@ubuntu:~# zpool list
NAME    SIZE  ALLOC   FREE  CKPOINT  EXPANDSZ   FRAG    CAP  DEDUP    HEALTH  ALTROOT
otus1   480M   114K   480M        -         -     0%     0%  1.00x    ONLINE  -
otus2   480M   104K   480M        -         -     0%     0%  1.00x    ONLINE  -
otus3   480M   114K   480M        -         -     0%     0%  1.00x    ONLINE  -
otus4   480M   111K   480M        -         -     0%     0%  1.00x    ONLINE  -
root@ubuntu:~#

Алгоритмы сжатия
root@ubuntu:~# zfs set compression=lzjb otus1
root@ubuntu:~# zfs set compression=lz4 otus2
root@ubuntu:~# zfs set compression=gzip-9 otus3
root@ubuntu:~# zfs set compression=zle otus4
root@ubuntu:~#
root@ubuntu:~# zfs get all | grep compression
otus1  compression           lzjb                       local
otus2  compression           lz4                        local
otus3  compression           gzip-9                     local
otus4  compression           zle                        local
root@ubuntu:~#

Запись текстового файла
for i in {1..4}; do wget -P /otus$i https://gutenberg.org/cache/epub/2600/pg2600.converter.log; done
root@ubuntu:~#
root@ubuntu:~# ls -l /otus*
/otus1:
total 22100
-rw-r--r-- 1 root root 41143613 мая  2 07:31 pg2600.converter.log
/otus2:
total 18008
-rw-r--r-- 1 root root 41143613 мая  2 07:31 pg2600.converter.log
/otus3:
total 10967
-rw-r--r-- 1 root root 41143613 мая  2 07:31 pg2600.converter.log
/otus4:
total 40219
-rw-r--r-- 1 root root 41143613 мая  2 07:31 pg2600.converter.log
root@ubuntu:~#
root@ubuntu:~# zfs list
NAME    USED  AVAIL  REFER  MOUNTPOINT
otus1  21.8M   330M  21.6M  /otus1
otus2  17.8M   334M  17.6M  /otus2
otus3  10.9M   341M  10.7M  /otus3
otus4  39.4M   313M  39.3M  /otus4
root@ubuntu:~#
Самая высокая степень сжатия у алгоритма gzip-9.

Определение настроек пула
Скачивание архива
root@ubuntu:~# wget -O archive.tar.gz --no-check-certificate 'https://drive.usercontent.google.com/download?id=1MvrcEp-WgAQe57aDEzxSRalPAwbNN1Bb&export=download'
root@ubuntu:~# tar -xzvf archive.tar.gz
zpoolexport/
zpoolexport/filea
zpoolexport/fileb
root@ubuntu:~#
root@ubuntu:~# zpool import -d zpoolexport/
   pool: otus
     id: 6554193320433390805
  state: ONLINE
status: Some supported features are not enabled on the pool.
        (Note that they may be intentionally disabled if the
        'compatibility' property is set.)
 action: The pool can be imported using its name or numeric identifier, though
        some features will not be available without an explicit 'zpool upgrade'.
 config:

        otus                         ONLINE
          mirror-0                   ONLINE
            /root/zpoolexport/filea  ONLINE
            /root/zpoolexport/fileb  ONLINE
root@ubuntu:~#

Импорт пула
root@ubuntu:~# zpool import -d zpoolexport/ otus
root@ubuntu:~#
root@ubuntu:~# zpool status
  pool: otus
 state: ONLINE
status: Some supported and requested features are not enabled on the pool.
        The pool can still be used, but some features are unavailable.
action: Enable all features using 'zpool upgrade'. Once this is done,
        the pool may no longer be accessible by software that does not support
        the features. See zpool-features(7) for details.
config:

        NAME                         STATE     READ WRITE CKSUM
        otus                         ONLINE       0     0     0
          mirror-0                   ONLINE       0     0     0
            /root/zpoolexport/filea  ONLINE       0     0     0
            /root/zpoolexport/fileb  ONLINE       0     0     0

errors: No known data errors
…
badger@ubuntu:~$
badger@ubuntu:~$ zfs get available otus
NAME  PROPERTY   VALUE  SOURCE
otus  available  350M   -
badger@ubuntu:~$ zfs get readonly otus
NAME  PROPERTY  VALUE   SOURCE
otus  readonly  off     default
badger@ubuntu:~$ zfs get recordsize otus
NAME  PROPERTY    VALUE    SOURCE
otus  recordsize  128K     local
badger@ubuntu:~$ zfs get compression otus
NAME  PROPERTY     VALUE           SOURCE
otus  compression  zle             local
badger@ubuntu:~$ zfs get checksum otus
NAME  PROPERTY  VALUE      SOURCE
otus  checksum  sha256     local
badger@ubuntu:~$

Работа со снепшотом
Скачивание файла
root@ubuntu:~#
root@ubuntu:~# wget -O otus_task2.file --no-check-certificate https://drive.usercontent.google.com/download?id=1wgxjih8YZ-cqLqaZVa0lA3h3Y029c3oI&export=download
[1] 4290
root@ubuntu:~#
Redirecting output to ‘wget-log’.

[1]+  Done                    wget -O otus_task2.file --no-check-certificate https://drive.usercontent.google.com/download?id=1wgxjih8YZ-cqLqaZVa0lA3h3Y029c3oI
root@ubuntu:~#
root@ubuntu:~# zfs receive otus/test@today < otus_task2.file
root@ubuntu:~#

Поиск сообщения
root@ubuntu:~# find /otus/test -name "secret_message"
/otus/test/task1/file_mess/secret_message
root@ubuntu:~# cat /otus/test/task1/file_mess/secret_message
https://otus.ru/lessons/linux-hl/
“Secret message” – ссылка на курс “Инфраструктура высоконагруженных систем”
